C:\Users\xubar\AppData\Local\Programs\Python\Python312\Lib\site-packages\rxnmapper\batched_mapper.py:4: UserWarning: pkg_resources is deprecated as an API. See https://setuptools.pypa.io/en/latest/pkg_resources.html. The pkg_resources package is slated for removal as early as 2025-11-30. Refrain from using this package or pin to Setuptools<81.
  import pkg_resources

================================================================================
  Reaction SMILES Analysis Agent - Interactive CLI
================================================================================

Model: gpt-4o-mini (openai)
Mode: auto
ℹ Initializing LLM client...
✓ Initialized: gpt-4o-mini

Analyzing: CC1(C)OB(c2cnn(CCOC3CCCCO3)c2)OC1(C)C.Cc1nc(-c2cn3c(n2)-c2ccc(Br)cc2OCC3)n(C)n1>>Cc1nc(-c2cn3c(n2)-c2ccc(-c4cnn(CCO)c4)cc2OCC3)n(C)n1
--------------------------------------------------------------------------------
ℹ Step 1/2: Running deterministic analysis (mode=auto)...
✓ Deterministic analysis complete
ℹ Step 2/2: LLM interpretation complete

================================================================================
  INPUT
================================================================================
Raw:   CC1(C)OB(c2cnn(CCOC3CCCCO3)c2)OC1(C)C.Cc1nc(-c2cn3c(n2)-c2ccc(Br)cc2OCC3)n(C)n1>>Cc1nc(-c2cn3c(n2)-c2ccc(-c4cnn(CCO)c4)cc2OCC3)n(C)n1
Clean: CC1(C)OB(c2cnn(CCOC3CCCCO3)c2)OC1(C)C.Cc1nc(-c2cn3c(n2)-c2ccc(Br)cc2OCC3)n(C)n1>>Cc1nc(-c2cn3c(n2)-c2ccc(-c4cnn(CCO)c4)cc2OCC3)n(C)n1

================================================================================
  DETERMINISTIC ANALYSIS
================================================================================
Mapped: CC1(C)OB([c:14]2[cH:15][n:16][n:17]([CH2:18][CH2:19][O:20]C3CCCCO3)[cH:21]2)OC1(...
Mapping QC: ✓ OK
  Confidence: 0.99

Bond Changes (1):
  BC1: formed bond between :13 and :14 (single)

Reaction Center: 13, 14

================================================================================
  AUTOMATIC INTERPRETATION
================================================================================
🟢 Complexity: SIMPLE

Patterns Detected:
  • aryl/alkyl bromide
  • boronic ester/acid
  • significant atom loss (16 atoms)

Likely Reaction Type(s):
  • Suzuki coupling

⚠️  TANDEM/MULTI-STEP REACTION SUSPECTED

Explanation:
  Tandem reaction detected: Suzuki coupling
  Multiple transformations occurring in sequence make atom mapping challenging
  Significant byproducts generated (16 atoms lost)
    • Likely leaving groups: Br

RECOMMENDATION:
  ✓ Trust local environment mapping for spectator identification
  ✓ Manually verify each transformation step
  ✓ Consider LLM-assisted analysis for mechanistic insights

================================================================================
  LLM INTERPRETATION
================================================================================
Reaction Class: nucleophilic_substitution
Tags: SNAr

Confidence: 0.99

Roles:
  electrophile: Cc1nc(-c2cn3c(n2)-c2ccc(Br)cc2OCC3)n(C)n1
  nucleophile: CC1(C)OB(c2cnn(CCOC3CCCCO3)c2)OC1(C)C
  leaving_group: Br

Mechanistic Events (1):

  E1: bond_formation
    Bond changes: BC1
    The nucleophile attacks the electrophile, forming a new bond between the nucleophile and the electrophile while displacing the bromine leaving group.
    Confidence: 0.99

Mechanism Summary:
  1. The nucleophile (CC1(C)OB(c2cnn(CCOC3CCCCO3)c2)OC1(C)C) attacks the electrophilic carbon adjacent to the bromine in the electrophile (Cc1nc(-c2cn3c(n2)-c2ccc(Br)cc2OCC3)n(C)n1).
  2. This results in the formation of a new bond and the release of bromide as the leaving group.

================================================================================
  METADATA
================================================================================
Model Selected: gpt-4o-mini
Mode: auto
Tokens: 1423 (prompt: 1116, completion: 307)
Latency: 5151 ms
Speed: 276.3 tokens/sec
